mode: set
github.com/p0fi/matter-cli/internal/secure/case.go:121.63,132.2 1 1
github.com/p0fi/matter-cli/internal/secure/case.go:135.58,138.16 2 1
github.com/p0fi/matter-cli/internal/secure/case.go:138.16,140.3 1 0
github.com/p0fi/matter-cli/internal/secure/case.go:141.2,146.56 4 1
github.com/p0fi/matter-cli/internal/secure/case.go:146.56,148.3 1 0
github.com/p0fi/matter-cli/internal/secure/case.go:151.2,152.16 2 1
github.com/p0fi/matter-cli/internal/secure/case.go:152.16,154.3 1 0
github.com/p0fi/matter-cli/internal/secure/case.go:156.2,164.16 3 1
github.com/p0fi/matter-cli/internal/secure/case.go:164.16,166.3 1 0
github.com/p0fi/matter-cli/internal/secure/case.go:168.2,169.18 2 1
github.com/p0fi/matter-cli/internal/secure/case.go:173.64,189.2 9 1
github.com/p0fi/matter-cli/internal/secure/case.go:193.65,197.60 3 1
github.com/p0fi/matter-cli/internal/secure/case.go:197.60,199.3 1 0
github.com/p0fi/matter-cli/internal/secure/case.go:201.2,205.16 3 1
github.com/p0fi/matter-cli/internal/secure/case.go:205.16,207.3 1 0
github.com/p0fi/matter-cli/internal/secure/case.go:209.2,210.16 2 1
github.com/p0fi/matter-cli/internal/secure/case.go:210.16,212.3 1 0
github.com/p0fi/matter-cli/internal/secure/case.go:213.2,221.16 5 1
github.com/p0fi/matter-cli/internal/secure/case.go:221.16,223.3 1 0
github.com/p0fi/matter-cli/internal/secure/case.go:226.2,227.16 2 1
github.com/p0fi/matter-cli/internal/secure/case.go:227.16,229.3 1 1
github.com/p0fi/matter-cli/internal/secure/case.go:231.2,232.54 2 1
github.com/p0fi/matter-cli/internal/secure/case.go:232.54,234.3 1 0
github.com/p0fi/matter-cli/internal/secure/case.go:237.2,244.16 3 1
github.com/p0fi/matter-cli/internal/secure/case.go:244.16,246.3 1 0
github.com/p0fi/matter-cli/internal/secure/case.go:248.2,249.16 2 1
github.com/p0fi/matter-cli/internal/secure/case.go:249.16,251.3 1 0
github.com/p0fi/matter-cli/internal/secure/case.go:253.2,253.72 1 1
github.com/p0fi/matter-cli/internal/secure/case.go:253.72,255.3 1 1
github.com/p0fi/matter-cli/internal/secure/case.go:257.2,257.12 1 1
github.com/p0fi/matter-cli/internal/secure/case.go:261.58,270.16 3 1
github.com/p0fi/matter-cli/internal/secure/case.go:270.16,272.3 1 0
github.com/p0fi/matter-cli/internal/secure/case.go:275.2,276.16 2 1
github.com/p0fi/matter-cli/internal/secure/case.go:276.16,278.3 1 0
github.com/p0fi/matter-cli/internal/secure/case.go:281.2,287.16 3 1
github.com/p0fi/matter-cli/internal/secure/case.go:287.16,289.3 1 0
github.com/p0fi/matter-cli/internal/secure/case.go:293.2,297.16 4 1
github.com/p0fi/matter-cli/internal/secure/case.go:297.16,299.3 1 0
github.com/p0fi/matter-cli/internal/secure/case.go:301.2,302.16 2 1
github.com/p0fi/matter-cli/internal/secure/case.go:302.16,304.3 1 0
github.com/p0fi/matter-cli/internal/secure/case.go:306.2,308.16 3 1
github.com/p0fi/matter-cli/internal/secure/case.go:308.16,310.3 1 0
github.com/p0fi/matter-cli/internal/secure/case.go:312.2,320.16 5 1
github.com/p0fi/matter-cli/internal/secure/case.go:320.16,322.3 1 0
github.com/p0fi/matter-cli/internal/secure/case.go:323.2,329.18 2 1
github.com/p0fi/matter-cli/internal/secure/case.go:333.52,335.2 1 1
github.com/p0fi/matter-cli/internal/secure/case.go:372.63,383.2 1 1
github.com/p0fi/matter-cli/internal/secure/case.go:386.75,390.60 3 1
github.com/p0fi/matter-cli/internal/secure/case.go:390.60,392.3 1 0
github.com/p0fi/matter-cli/internal/secure/case.go:394.2,398.16 3 1
github.com/p0fi/matter-cli/internal/secure/case.go:398.16,400.3 1 0
github.com/p0fi/matter-cli/internal/secure/case.go:401.2,406.16 4 1
github.com/p0fi/matter-cli/internal/secure/case.go:406.16,408.3 1 0
github.com/p0fi/matter-cli/internal/secure/case.go:410.2,411.16 2 1
github.com/p0fi/matter-cli/internal/secure/case.go:411.16,413.3 1 0
github.com/p0fi/matter-cli/internal/secure/case.go:414.2,418.49 3 1
github.com/p0fi/matter-cli/internal/secure/case.go:418.49,420.3 1 0
github.com/p0fi/matter-cli/internal/secure/case.go:423.2,430.16 3 1
github.com/p0fi/matter-cli/internal/secure/case.go:430.16,432.3 1 0
github.com/p0fi/matter-cli/internal/secure/case.go:435.2,436.16 2 1
github.com/p0fi/matter-cli/internal/secure/case.go:436.16,438.3 1 0
github.com/p0fi/matter-cli/internal/secure/case.go:441.2,447.16 3 1
github.com/p0fi/matter-cli/internal/secure/case.go:447.16,449.3 1 0
github.com/p0fi/matter-cli/internal/secure/case.go:453.2,457.16 4 1
github.com/p0fi/matter-cli/internal/secure/case.go:457.16,459.3 1 0
github.com/p0fi/matter-cli/internal/secure/case.go:461.2,462.16 2 1
github.com/p0fi/matter-cli/internal/secure/case.go:462.16,464.3 1 0
github.com/p0fi/matter-cli/internal/secure/case.go:466.2,474.16 3 1
github.com/p0fi/matter-cli/internal/secure/case.go:474.16,476.3 1 0
github.com/p0fi/matter-cli/internal/secure/case.go:478.2,479.18 2 1
github.com/p0fi/matter-cli/internal/secure/case.go:483.65,485.60 2 1
github.com/p0fi/matter-cli/internal/secure/case.go:485.60,487.3 1 0
github.com/p0fi/matter-cli/internal/secure/case.go:491.2,495.16 4 1
github.com/p0fi/matter-cli/internal/secure/case.go:495.16,497.3 1 0
github.com/p0fi/matter-cli/internal/secure/case.go:499.2,500.16 2 1
github.com/p0fi/matter-cli/internal/secure/case.go:500.16,502.3 1 1
github.com/p0fi/matter-cli/internal/secure/case.go:504.2,505.54 2 1
github.com/p0fi/matter-cli/internal/secure/case.go:505.54,507.3 1 0
github.com/p0fi/matter-cli/internal/secure/case.go:510.2,517.16 3 1
github.com/p0fi/matter-cli/internal/secure/case.go:517.16,519.3 1 0
github.com/p0fi/matter-cli/internal/secure/case.go:521.2,522.16 2 1
github.com/p0fi/matter-cli/internal/secure/case.go:522.16,524.3 1 0
github.com/p0fi/matter-cli/internal/secure/case.go:526.2,526.70 1 1
github.com/p0fi/matter-cli/internal/secure/case.go:526.70,528.3 1 0
github.com/p0fi/matter-cli/internal/secure/case.go:532.2,536.16 4 1
github.com/p0fi/matter-cli/internal/secure/case.go:536.16,538.3 1 0
github.com/p0fi/matter-cli/internal/secure/case.go:539.2,545.12 2 1
github.com/p0fi/matter-cli/internal/secure/case.go:549.52,551.2 1 1
github.com/p0fi/matter-cli/internal/secure/case.go:556.125,561.16 3 1
github.com/p0fi/matter-cli/internal/secure/case.go:561.16,563.3 1 0
github.com/p0fi/matter-cli/internal/secure/case.go:565.2,565.87 1 1
github.com/p0fi/matter-cli/internal/secure/case.go:565.87,567.3 1 0
github.com/p0fi/matter-cli/internal/secure/case.go:570.2,571.16 2 1
github.com/p0fi/matter-cli/internal/secure/case.go:571.16,573.3 1 0
github.com/p0fi/matter-cli/internal/secure/case.go:576.2,576.61 1 1
github.com/p0fi/matter-cli/internal/secure/case.go:576.61,578.3 1 1
github.com/p0fi/matter-cli/internal/secure/case.go:580.2,580.67 1 1
github.com/p0fi/matter-cli/internal/secure/case.go:580.67,582.3 1 0
github.com/p0fi/matter-cli/internal/secure/case.go:585.2,586.16 2 1
github.com/p0fi/matter-cli/internal/secure/case.go:586.16,588.3 1 0
github.com/p0fi/matter-cli/internal/secure/case.go:590.2,590.87 1 1
github.com/p0fi/matter-cli/internal/secure/case.go:590.87,592.3 1 0
github.com/p0fi/matter-cli/internal/secure/case.go:595.2,596.16 2 1
github.com/p0fi/matter-cli/internal/secure/case.go:596.16,598.3 1 0
github.com/p0fi/matter-cli/internal/secure/case.go:600.2,600.61 1 1
github.com/p0fi/matter-cli/internal/secure/case.go:600.61,602.3 1 1
github.com/p0fi/matter-cli/internal/secure/case.go:605.2,606.66 2 1
github.com/p0fi/matter-cli/internal/secure/case.go:606.66,608.3 1 0
github.com/p0fi/matter-cli/internal/secure/case.go:610.2,610.64 1 1
github.com/p0fi/matter-cli/internal/secure/case.go:615.100,627.2 9 1
github.com/p0fi/matter-cli/internal/secure/case.go:630.47,632.26 2 1
github.com/p0fi/matter-cli/internal/secure/case.go:632.26,634.3 1 1
github.com/p0fi/matter-cli/internal/secure/case.go:635.2,637.12 3 1
github.com/p0fi/matter-cli/internal/secure/case.go:641.37,643.26 2 1
github.com/p0fi/matter-cli/internal/secure/case.go:643.26,645.3 1 1
github.com/p0fi/matter-cli/internal/secure/case.go:646.2,647.26 2 1
github.com/p0fi/matter-cli/internal/secure/case.go:647.26,649.3 1 1
github.com/p0fi/matter-cli/internal/secure/case.go:650.2,650.12 1 1
github.com/p0fi/matter-cli/internal/secure/pase.go:105.73,110.2 1 1
github.com/p0fi/matter-cli/internal/secure/pase.go:113.69,115.45 2 1
github.com/p0fi/matter-cli/internal/secure/pase.go:115.45,117.3 1 0
github.com/p0fi/matter-cli/internal/secure/pase.go:118.2,128.16 4 1
github.com/p0fi/matter-cli/internal/secure/pase.go:128.16,130.3 1 0
github.com/p0fi/matter-cli/internal/secure/pase.go:131.2,131.18 1 1
github.com/p0fi/matter-cli/internal/secure/pase.go:137.132,139.56 2 1
github.com/p0fi/matter-cli/internal/secure/pase.go:139.56,141.3 1 0
github.com/p0fi/matter-cli/internal/secure/pase.go:144.2,144.93 1 1
github.com/p0fi/matter-cli/internal/secure/pase.go:144.93,146.3 1 0
github.com/p0fi/matter-cli/internal/secure/pase.go:151.2,163.16 7 1
github.com/p0fi/matter-cli/internal/secure/pase.go:163.16,165.3 1 0
github.com/p0fi/matter-cli/internal/secure/pase.go:167.2,168.16 2 1
github.com/p0fi/matter-cli/internal/secure/pase.go:168.16,170.3 1 0
github.com/p0fi/matter-cli/internal/secure/pase.go:171.2,174.16 3 1
github.com/p0fi/matter-cli/internal/secure/pase.go:174.16,176.3 1 0
github.com/p0fi/matter-cli/internal/secure/pase.go:178.2,180.16 3 1
github.com/p0fi/matter-cli/internal/secure/pase.go:180.16,182.3 1 0
github.com/p0fi/matter-cli/internal/secure/pase.go:184.2,184.48 1 1
github.com/p0fi/matter-cli/internal/secure/pase.go:190.88,192.58 2 1
github.com/p0fi/matter-cli/internal/secure/pase.go:192.58,194.3 1 0
github.com/p0fi/matter-cli/internal/secure/pase.go:197.2,203.16 2 1
github.com/p0fi/matter-cli/internal/secure/pase.go:203.16,205.3 1 1
github.com/p0fi/matter-cli/internal/secure/pase.go:208.2,208.54 1 1
github.com/p0fi/matter-cli/internal/secure/pase.go:208.54,210.3 1 1
github.com/p0fi/matter-cli/internal/secure/pase.go:213.2,214.16 2 1
github.com/p0fi/matter-cli/internal/secure/pase.go:214.16,216.3 1 0
github.com/p0fi/matter-cli/internal/secure/pase.go:217.2,222.16 4 1
github.com/p0fi/matter-cli/internal/secure/pase.go:222.16,224.3 1 0
github.com/p0fi/matter-cli/internal/secure/pase.go:226.2,226.23 1 1
github.com/p0fi/matter-cli/internal/secure/pase.go:230.52,232.2 1 1
github.com/p0fi/matter-cli/internal/secure/pase.go:251.105,258.2 1 1
github.com/p0fi/matter-cli/internal/secure/pase.go:262.97,264.54 2 1
github.com/p0fi/matter-cli/internal/secure/pase.go:264.54,266.3 1 0
github.com/p0fi/matter-cli/internal/secure/pase.go:268.2,269.49 2 1
github.com/p0fi/matter-cli/internal/secure/pase.go:269.49,271.3 1 0
github.com/p0fi/matter-cli/internal/secure/pase.go:273.2,284.16 3 1
github.com/p0fi/matter-cli/internal/secure/pase.go:284.16,286.3 1 0
github.com/p0fi/matter-cli/internal/secure/pase.go:289.2,295.22 6 1
github.com/p0fi/matter-cli/internal/secure/pase.go:300.88,302.58 2 1
github.com/p0fi/matter-cli/internal/secure/pase.go:302.58,304.3 1 0
github.com/p0fi/matter-cli/internal/secure/pase.go:307.2,308.16 2 1
github.com/p0fi/matter-cli/internal/secure/pase.go:308.16,310.3 1 0
github.com/p0fi/matter-cli/internal/secure/pase.go:313.2,316.16 3 1
github.com/p0fi/matter-cli/internal/secure/pase.go:316.16,318.3 1 0
github.com/p0fi/matter-cli/internal/secure/pase.go:319.2,322.16 3 1
github.com/p0fi/matter-cli/internal/secure/pase.go:322.16,324.3 1 0
github.com/p0fi/matter-cli/internal/secure/pase.go:327.2,333.16 2 1
github.com/p0fi/matter-cli/internal/secure/pase.go:333.16,335.3 1 0
github.com/p0fi/matter-cli/internal/secure/pase.go:337.2,341.16 3 1
github.com/p0fi/matter-cli/internal/secure/pase.go:341.16,343.3 1 0
github.com/p0fi/matter-cli/internal/secure/pase.go:344.2,348.16 4 1
github.com/p0fi/matter-cli/internal/secure/pase.go:348.16,350.3 1 0
github.com/p0fi/matter-cli/internal/secure/pase.go:352.2,352.23 1 1
github.com/p0fi/matter-cli/internal/secure/pase.go:356.63,358.58 2 1
github.com/p0fi/matter-cli/internal/secure/pase.go:358.58,360.3 1 0
github.com/p0fi/matter-cli/internal/secure/pase.go:362.2,362.56 1 1
github.com/p0fi/matter-cli/internal/secure/pase.go:362.56,364.3 1 1
github.com/p0fi/matter-cli/internal/secure/pase.go:366.2,366.12 1 1
github.com/p0fi/matter-cli/internal/secure/pase.go:370.52,372.2 1 1
github.com/p0fi/matter-cli/internal/secure/pase.go:378.143,383.16 3 1
github.com/p0fi/matter-cli/internal/secure/pase.go:383.16,385.3 1 0
github.com/p0fi/matter-cli/internal/secure/pase.go:387.2,387.95 1 1
github.com/p0fi/matter-cli/internal/secure/pase.go:387.95,389.3 1 0
github.com/p0fi/matter-cli/internal/secure/pase.go:392.2,393.16 2 1
github.com/p0fi/matter-cli/internal/secure/pase.go:393.16,395.3 1 0
github.com/p0fi/matter-cli/internal/secure/pase.go:397.2,398.16 2 1
github.com/p0fi/matter-cli/internal/secure/pase.go:398.16,400.3 1 0
github.com/p0fi/matter-cli/internal/secure/pase.go:403.2,403.89 1 1
github.com/p0fi/matter-cli/internal/secure/pase.go:403.89,405.3 1 0
github.com/p0fi/matter-cli/internal/secure/pase.go:408.2,409.16 2 1
github.com/p0fi/matter-cli/internal/secure/pase.go:409.16,411.3 1 0
github.com/p0fi/matter-cli/internal/secure/pase.go:413.2,414.16 2 1
github.com/p0fi/matter-cli/internal/secure/pase.go:414.16,416.3 1 1
github.com/p0fi/matter-cli/internal/secure/pase.go:419.2,419.89 1 1
github.com/p0fi/matter-cli/internal/secure/pase.go:419.89,421.3 1 0
github.com/p0fi/matter-cli/internal/secure/pase.go:424.2,425.16 2 1
github.com/p0fi/matter-cli/internal/secure/pase.go:425.16,427.3 1 0
github.com/p0fi/matter-cli/internal/secure/pase.go:429.2,429.61 1 1
github.com/p0fi/matter-cli/internal/secure/pase.go:429.61,431.3 1 1
github.com/p0fi/matter-cli/internal/secure/pase.go:433.2,433.52 1 1
github.com/p0fi/matter-cli/internal/secure/pase.go:437.112,447.2 2 1
github.com/p0fi/matter-cli/internal/secure/pase.go:451.67,452.22 1 1
github.com/p0fi/matter-cli/internal/secure/pase.go:452.22,454.3 1 1
github.com/p0fi/matter-cli/internal/secure/pase.go:455.2,459.50 4 1
github.com/p0fi/matter-cli/internal/secure/pase.go:463.35,464.22 1 1
github.com/p0fi/matter-cli/internal/secure/pase.go:464.22,466.3 1 1
github.com/p0fi/matter-cli/internal/secure/pase.go:467.2,467.19 1 1
github.com/p0fi/matter-cli/internal/secure/pase.go:467.19,468.19 1 1
github.com/p0fi/matter-cli/internal/secure/pase.go:468.19,470.4 1 1
github.com/p0fi/matter-cli/internal/secure/pase.go:472.2,472.13 1 1
github.com/p0fi/matter-cli/internal/secure/session_keys.go:39.67,40.28 1 1
github.com/p0fi/matter-cli/internal/secure/session_keys.go:40.28,42.3 1 1
github.com/p0fi/matter-cli/internal/secure/session_keys.go:44.2,45.16 2 1
github.com/p0fi/matter-cli/internal/secure/session_keys.go:45.16,47.3 1 0
github.com/p0fi/matter-cli/internal/secure/session_keys.go:49.2,53.8 1 1
