mode: set
github.com/p0fi/matter-cli/internal/interaction/client.go:23.54,25.2 1 1
github.com/p0fi/matter-cli/internal/interaction/client.go:30.122,32.16 2 1
github.com/p0fi/matter-cli/internal/interaction/client.go:32.16,34.3 1 0
github.com/p0fi/matter-cli/internal/interaction/client.go:35.2,42.77 3 1
github.com/p0fi/matter-cli/internal/interaction/client.go:42.77,44.3 1 0
github.com/p0fi/matter-cli/internal/interaction/client.go:46.2,48.6 2 1
github.com/p0fi/matter-cli/internal/interaction/client.go:48.6,50.17 2 1
github.com/p0fi/matter-cli/internal/interaction/client.go:50.17,52.4 1 0
github.com/p0fi/matter-cli/internal/interaction/client.go:54.3,54.50 1 1
github.com/p0fi/matter-cli/internal/interaction/client.go:54.50,56.4 1 1
github.com/p0fi/matter-cli/internal/interaction/client.go:58.3,58.54 1 1
github.com/p0fi/matter-cli/internal/interaction/client.go:58.54,61.4 1 0
github.com/p0fi/matter-cli/internal/interaction/client.go:63.3,64.61 2 1
github.com/p0fi/matter-cli/internal/interaction/client.go:64.61,66.4 1 0
github.com/p0fi/matter-cli/internal/interaction/client.go:68.3,70.72 2 1
github.com/p0fi/matter-cli/internal/interaction/client.go:70.72,71.9 1 1
github.com/p0fi/matter-cli/internal/interaction/client.go:75.3,78.81 2 1
github.com/p0fi/matter-cli/internal/interaction/client.go:78.81,80.4 1 0
github.com/p0fi/matter-cli/internal/interaction/client.go:83.2,83.24 1 1
github.com/p0fi/matter-cli/internal/interaction/client.go:88.125,90.16 2 1
github.com/p0fi/matter-cli/internal/interaction/client.go:90.16,92.3 1 0
github.com/p0fi/matter-cli/internal/interaction/client.go:93.2,99.78 3 1
github.com/p0fi/matter-cli/internal/interaction/client.go:99.78,101.3 1 0
github.com/p0fi/matter-cli/internal/interaction/client.go:103.2,104.16 2 1
github.com/p0fi/matter-cli/internal/interaction/client.go:104.16,106.3 1 0
github.com/p0fi/matter-cli/internal/interaction/client.go:108.2,108.49 1 1
github.com/p0fi/matter-cli/internal/interaction/client.go:108.49,110.3 1 1
github.com/p0fi/matter-cli/internal/interaction/client.go:112.2,112.56 1 1
github.com/p0fi/matter-cli/internal/interaction/client.go:112.56,115.3 1 0
github.com/p0fi/matter-cli/internal/interaction/client.go:117.2,118.58 2 1
github.com/p0fi/matter-cli/internal/interaction/client.go:118.58,120.3 1 0
github.com/p0fi/matter-cli/internal/interaction/client.go:122.2,122.33 1 1
github.com/p0fi/matter-cli/internal/interaction/client.go:128.133,130.2 1 1
github.com/p0fi/matter-cli/internal/interaction/client.go:135.156,137.2 1 1
github.com/p0fi/matter-cli/internal/interaction/client.go:144.157,146.16 2 1
github.com/p0fi/matter-cli/internal/interaction/client.go:146.16,148.3 1 0
github.com/p0fi/matter-cli/internal/interaction/client.go:149.2,155.17 4 1
github.com/p0fi/matter-cli/internal/interaction/client.go:155.17,157.84 2 1
github.com/p0fi/matter-cli/internal/interaction/client.go:157.84,159.4 1 0
github.com/p0fi/matter-cli/internal/interaction/client.go:162.3,163.17 2 1
github.com/p0fi/matter-cli/internal/interaction/client.go:163.17,165.4 1 0
github.com/p0fi/matter-cli/internal/interaction/client.go:166.3,166.56 1 1
github.com/p0fi/matter-cli/internal/interaction/client.go:166.56,168.4 1 1
github.com/p0fi/matter-cli/internal/interaction/client.go:170.3,171.16 2 1
github.com/p0fi/matter-cli/internal/interaction/client.go:174.2,174.19 1 1
github.com/p0fi/matter-cli/internal/interaction/client.go:174.19,176.3 1 1
github.com/p0fi/matter-cli/internal/interaction/client.go:178.2,186.106 2 1
github.com/p0fi/matter-cli/internal/interaction/client.go:186.106,188.3 1 0
github.com/p0fi/matter-cli/internal/interaction/client.go:190.2,191.16 2 1
github.com/p0fi/matter-cli/internal/interaction/client.go:191.16,193.3 1 0
github.com/p0fi/matter-cli/internal/interaction/client.go:195.2,195.49 1 1
github.com/p0fi/matter-cli/internal/interaction/client.go:195.49,197.3 1 1
github.com/p0fi/matter-cli/internal/interaction/client.go:199.2,199.57 1 1
github.com/p0fi/matter-cli/internal/interaction/client.go:199.57,202.3 1 0
github.com/p0fi/matter-cli/internal/interaction/client.go:204.2,205.58 2 1
github.com/p0fi/matter-cli/internal/interaction/client.go:205.58,207.3 1 0
github.com/p0fi/matter-cli/internal/interaction/client.go:209.2,209.36 1 1
github.com/p0fi/matter-cli/internal/interaction/client.go:209.36,211.3 1 0
github.com/p0fi/matter-cli/internal/interaction/client.go:213.2,213.38 1 1
github.com/p0fi/matter-cli/internal/interaction/client.go:219.155,221.16 2 1
github.com/p0fi/matter-cli/internal/interaction/client.go:221.16,223.3 1 0
github.com/p0fi/matter-cli/internal/interaction/client.go:225.2,233.82 2 1
github.com/p0fi/matter-cli/internal/interaction/client.go:233.82,236.3 2 0
github.com/p0fi/matter-cli/internal/interaction/client.go:239.2,240.16 2 1
github.com/p0fi/matter-cli/internal/interaction/client.go:240.16,243.3 2 0
github.com/p0fi/matter-cli/internal/interaction/client.go:245.2,245.49 1 1
github.com/p0fi/matter-cli/internal/interaction/client.go:245.49,248.3 2 1
github.com/p0fi/matter-cli/internal/interaction/client.go:250.2,250.53 1 1
github.com/p0fi/matter-cli/internal/interaction/client.go:250.53,254.3 2 0
github.com/p0fi/matter-cli/internal/interaction/client.go:257.2,260.80 2 1
github.com/p0fi/matter-cli/internal/interaction/client.go:260.80,263.3 2 0
github.com/p0fi/matter-cli/internal/interaction/client.go:266.2,267.16 2 1
github.com/p0fi/matter-cli/internal/interaction/client.go:267.16,270.3 2 0
github.com/p0fi/matter-cli/internal/interaction/client.go:272.2,272.60 1 1
github.com/p0fi/matter-cli/internal/interaction/client.go:272.60,276.3 2 0
github.com/p0fi/matter-cli/internal/interaction/client.go:278.2,279.61 2 1
github.com/p0fi/matter-cli/internal/interaction/client.go:279.61,282.3 2 0
github.com/p0fi/matter-cli/internal/interaction/client.go:284.2,297.12 5 1
github.com/p0fi/matter-cli/internal/interaction/client.go:297.12,302.7 4 1
github.com/p0fi/matter-cli/internal/interaction/client.go:302.7,304.18 2 1
github.com/p0fi/matter-cli/internal/interaction/client.go:304.18,305.28 1 1
github.com/p0fi/matter-cli/internal/interaction/client.go:305.28,307.6 1 1
github.com/p0fi/matter-cli/internal/interaction/client.go:308.5,308.12 1 0
github.com/p0fi/matter-cli/internal/interaction/client.go:309.84,309.84 0 0
github.com/p0fi/matter-cli/internal/interaction/client.go:310.13,310.13 0 0
github.com/p0fi/matter-cli/internal/interaction/client.go:312.5,312.11 1 0
github.com/p0fi/matter-cli/internal/interaction/client.go:315.4,315.59 1 1
github.com/p0fi/matter-cli/internal/interaction/client.go:315.59,317.84 2 1
github.com/p0fi/matter-cli/internal/interaction/client.go:317.84,318.63 1 1
github.com/p0fi/matter-cli/internal/interaction/client.go:318.63,319.14 1 1
github.com/p0fi/matter-cli/internal/interaction/client.go:320.25,320.25 0 1
github.com/p0fi/matter-cli/internal/interaction/client.go:321.15,321.15 0 0
github.com/p0fi/matter-cli/internal/interaction/client.go:323.7,323.13 1 1
github.com/p0fi/matter-cli/internal/interaction/client.go:326.5,326.13 1 1
github.com/p0fi/matter-cli/internal/interaction/client.go:329.4,329.55 1 1
github.com/p0fi/matter-cli/internal/interaction/client.go:329.55,330.13 1 1
github.com/p0fi/matter-cli/internal/interaction/client.go:333.4,334.62 2 1
github.com/p0fi/matter-cli/internal/interaction/client.go:334.62,335.12 1 0
github.com/p0fi/matter-cli/internal/interaction/client.go:336.83,336.83 0 0
github.com/p0fi/matter-cli/internal/interaction/client.go:337.13,337.13 0 0
github.com/p0fi/matter-cli/internal/interaction/client.go:339.5,339.11 1 0
github.com/p0fi/matter-cli/internal/interaction/client.go:342.4,342.40 1 1
github.com/p0fi/matter-cli/internal/interaction/client.go:342.40,343.12 1 1
github.com/p0fi/matter-cli/internal/interaction/client.go:344.45,344.45 0 1
github.com/p0fi/matter-cli/internal/interaction/client.go:345.26,346.12 1 0
github.com/p0fi/matter-cli/internal/interaction/client.go:351.4,354.91 2 1
github.com/p0fi/matter-cli/internal/interaction/client.go:354.91,355.12 1 0
github.com/p0fi/matter-cli/internal/interaction/client.go:356.88,356.88 0 0
github.com/p0fi/matter-cli/internal/interaction/client.go:357.13,357.13 0 0
github.com/p0fi/matter-cli/internal/interaction/client.go:359.5,359.11 1 0
github.com/p0fi/matter-cli/internal/interaction/client.go:364.2,364.17 1 1
github.com/p0fi/matter-cli/internal/interaction/client.go:370.102,372.2 1 1
github.com/p0fi/matter-cli/internal/interaction/client.go:375.138,377.16 2 1
github.com/p0fi/matter-cli/internal/interaction/client.go:377.16,379.3 1 0
github.com/p0fi/matter-cli/internal/interaction/client.go:383.2,383.72 1 1
github.com/p0fi/matter-cli/internal/interaction/client.go:383.72,388.3 3 1
github.com/p0fi/matter-cli/internal/interaction/client.go:390.2,403.9 4 1
github.com/p0fi/matter-cli/internal/interaction/client.go:403.9,407.3 3 1
github.com/p0fi/matter-cli/internal/interaction/client.go:409.2,409.32 1 1
github.com/p0fi/matter-cli/internal/interaction/client.go:415.55,416.57 1 1
github.com/p0fi/matter-cli/internal/interaction/client.go:416.57,418.3 1 1
github.com/p0fi/matter-cli/internal/interaction/client.go:420.2,421.63 2 1
github.com/p0fi/matter-cli/internal/interaction/client.go:421.63,423.3 1 0
github.com/p0fi/matter-cli/internal/interaction/client.go:425.2,425.41 1 1
github.com/p0fi/matter-cli/internal/interaction/path.go:21.88,27.2 1 1
github.com/p0fi/matter-cli/internal/interaction/path.go:30.40,32.25 2 1
github.com/p0fi/matter-cli/internal/interaction/path.go:32.25,34.3 1 1
github.com/p0fi/matter-cli/internal/interaction/path.go:35.2,36.24 2 1
github.com/p0fi/matter-cli/internal/interaction/path.go:36.24,38.3 1 1
github.com/p0fi/matter-cli/internal/interaction/path.go:39.2,40.26 2 1
github.com/p0fi/matter-cli/internal/interaction/path.go:40.26,42.3 1 1
github.com/p0fi/matter-cli/internal/interaction/path.go:43.2,43.53 1 1
github.com/p0fi/matter-cli/internal/interaction/path.go:57.36,59.25 2 1
github.com/p0fi/matter-cli/internal/interaction/path.go:59.25,61.3 1 1
github.com/p0fi/matter-cli/internal/interaction/path.go:62.2,63.24 2 1
github.com/p0fi/matter-cli/internal/interaction/path.go:63.24,65.3 1 1
github.com/p0fi/matter-cli/internal/interaction/path.go:66.2,67.22 2 1
github.com/p0fi/matter-cli/internal/interaction/path.go:67.22,69.3 1 1
github.com/p0fi/matter-cli/internal/interaction/path.go:70.2,70.53 1 1
github.com/p0fi/matter-cli/internal/interaction/path.go:82.82,88.2 1 1
github.com/p0fi/matter-cli/internal/interaction/path.go:91.38,93.2 1 1
github.com/p0fi/matter-cli/internal/interaction/status.go:116.37,117.36 1 1
github.com/p0fi/matter-cli/internal/interaction/status.go:117.36,119.3 1 1
github.com/p0fi/matter-cli/internal/interaction/status.go:120.2,120.49 1 1
github.com/p0fi/matter-cli/internal/interaction/status.go:146.38,147.26 1 1
github.com/p0fi/matter-cli/internal/interaction/status.go:147.26,150.3 1 1
github.com/p0fi/matter-cli/internal/interaction/status.go:151.2,152.39 1 1
github.com/p0fi/matter-cli/internal/interaction/status.go:157.48,159.26 2 1
github.com/p0fi/matter-cli/internal/interaction/status.go:159.26,161.3 1 1
github.com/p0fi/matter-cli/internal/interaction/status.go:162.2,162.31 1 1
github.com/p0fi/matter-cli/internal/interaction/status.go:167.38,169.27 2 1
github.com/p0fi/matter-cli/internal/interaction/status.go:169.27,171.3 1 1
github.com/p0fi/matter-cli/internal/interaction/status.go:172.2,175.3 1 1
github.com/p0fi/matter-cli/internal/interaction/status.go:180.39,181.39 1 1
github.com/p0fi/matter-cli/internal/interaction/status.go:181.39,183.3 1 1
github.com/p0fi/matter-cli/internal/interaction/status.go:184.2,184.52 1 1
github.com/p0fi/matter-cli/internal/interaction/subscribe.go:39.33,40.21 1 1
github.com/p0fi/matter-cli/internal/interaction/subscribe.go:40.21,42.3 1 1
